*** what if? ***
Transatlantic Car Rental
Autor:  xkcd
Autor (email): whatif@xkcd.com
URL: https://what-if.xkcd.com/160/
Aktualizace: 2022-09-06T00:00:00Z

Hailstones
Autor:  xkcd
Autor (email): whatif@xkcd.com
URL: https://what-if.xkcd.com/159/
Aktualizace: 2022-07-06T00:00:00Z

Hot Banana
Autor:  xkcd
Autor (email): whatif@xkcd.com
URL: https://what-if.xkcd.com/158/
Aktualizace: 2022-05-04T00:00:00Z

Earth-Moon Fire Pole
Autor:  xkcd
Autor (email): whatif@xkcd.com
URL: https://what-if.xkcd.com/157/
Aktualizace: 2018-05-21T00:00:00Z

Electrofishing for Whales
Autor:  xkcd
Autor (email): whatif@xkcd.com
URL: https://what-if.xkcd.com/156/
Aktualizace: 2017-03-09T00:00:00Z